2026-01-02 -> 2026-07-10 taranıyor (517 hisse)...
/Users/ahmetemreacar/Desktop/DailyVolume/DailyVolume/.venv/lib/python3.9/site-packages/urllib3/__init__.py:35: NotOpenSSLWarning: urllib3 v2 only supports OpenSSL 1.1.1+, currently the 'ssl' module is compiled with 'LibreSSL 2.8.3'. See: https://github.com/urllib3/urllib3/issues/3020
  warnings.warn(
you are using nologin method, data you access may be limited
ERROR:tvDatafeed.main:The read operation timed out
ERROR:tvDatafeed.main:no data, please check the exchange and symbol
ERROR:yfinance:HTTP Error 404: {"quoteSummary":{"result":null,"error":{"code":"Not Found","description":"Quote not found for symbol: ALTINS1.IS"}}}
ERROR:yfinance:$ALTINS1.IS: possibly delisted; no price data found  (period=730d) (Yahoo error = "No data found, symbol may be delisted")
ERROR:yfinance:
1 Failed download:
ERROR:yfinance:['ALTINS1.IS']: possibly delisted; no price data found  (period=730d) (Yahoo error = "No data found, symbol may be delisted")
  [30] ALTINS1: ALTINS1 verisi cekilemedi:
  tvdatafeed: bos veri
  yfinance: bos veri
  ... 50/517
  ... 100/517
WARNING:tvDatafeed.main:you are using nologin method, data you access may be limited
ERROR:tvDatafeed.main:The read operation timed out
ERROR:tvDatafeed.main:no data, please check the exchange and symbol
ERROR:yfinance:HTTP Error 404: {"quoteSummary":{"result":null,"error":{"code":"Not Found","description":"Quote not found for symbol: DMLKTG.IS"}}}
ERROR:yfinance:$DMLKTG.IS: possibly delisted; no price data found  (period=730d) (Yahoo error = "No data found, symbol may be delisted")
ERROR:yfinance:
1 Failed download:
ERROR:yfinance:['DMLKTG.IS']: possibly delisted; no price data found  (period=730d) (Yahoo error = "No data found, symbol may be delisted")
  [135] DMLKTG: DMLKTG verisi cekilemedi:
  tvdatafeed: bos veri
  yfinance: bos veri
  ... 150/517
  ... 200/517
  ... 250/517
  ... 300/517
  ... 350/517
  ... 400/517
  ... 450/517
  ... 500/517
========================================================================================
2026-01-02 -> 2026-07-10 | 5x+ DIP+KIRILIM | TP %3 SL %3 | evren_kucuk.csv
DIP+KIRILIM gunleri: 2026-01-02 .. 2026-07-09 (119 gun)
========================================================================================
            grup  olay  gun   son_tl  getiri_%  win_%  hedef  stop  gun_sonu  ort_getiri_%  ort_max_%  ort_min_%
     DIP+KIRILIM   671  119 423749.0    323.75   65.6    336    96       239          1.03       6.04      -0.07
ELENEN orta/tepe  2286  129 128090.0     28.09   52.0    932   642       712          0.26       6.49      -0.11

## DIP+KIRILIM ISLEMLER (671)
     tarih hisse    grup    kat        giris    sebep  getiri_%  max_%  min_% cikis_saat   tf
2026-01-02 ARENA     dip    7.0    28.820000 gun_sonu     -2.05   2.29  -2.91      18:00 15dk
2026-01-02 BMSCH kirilim    6.5    30.400000    hedef      2.97  10.00   0.00      10:00 15dk
2026-01-02 KRVGD kirilim    5.0     2.760000 gun_sonu      1.42   2.54  -1.81      18:00 15dk
2026-01-05 ALCAR     dip    7.4   868.500000 gun_sonu     -1.30   0.40  -1.78      18:00 15dk
2026-01-05 BIENY     dip   11.6    25.000000 gun_sonu      1.17   2.72  -0.32      18:00 15dk
2026-01-05 ESCAR     dip    9.5    25.520000     stop     -3.03   1.88  -4.00      12:45 15dk
2026-01-05 GOKNR     dip    5.0    20.000000 gun_sonu      1.77   2.80  -1.00      18:00 15dk
2026-01-05 GZNMI     dip    6.0    58.000000    hedef      2.97   7.76  -2.07      10:00 15dk
2026-01-05 JANTS     dip   22.6    20.580000    hedef      2.97   4.47  -2.33      10:30 15dk
2026-01-05 MARKA     dip    6.1    41.000000     stop     -3.03   0.98  -3.27      10:15 15dk
2026-01-05 QUAGR     dip   20.5     2.900000     stop     -3.03   1.03  -4.83      10:15 15dk
2026-01-05 SONME kirilim   10.0   185.000000    hedef      2.97   5.35  -4.32      10:00 15dk
2026-01-06 KSTUR     dip    5.1  3300.000000    hedef      2.97   3.33   3.33      12:55  1dk
2026-01-07 KCAER     dip    8.8    10.700000     stop     -3.03   2.06  -4.95      17:45 15dk
2026-01-07 KRGYO     dip   15.0     3.090000     stop     -3.03   0.97  -4.21      11:30 15dk
2026-01-08 ANGEN     dip    5.0    10.740000 gun_sonu      1.55   1.86  -1.21      18:00 15dk
2026-01-08 KLSYN kirilim   19.5     8.230000    hedef      2.97   3.04  -8.99      10:00 15dk
2026-01-12 BORLS     dip    9.0     3.470000     stop     -3.03   0.00  -6.92      10:15 15dk
2026-01-12 BRLSM     dip    5.1    13.510000    hedef      2.97   3.33   0.07      11:15 15dk
2026-01-12 FENER     dip    5.1     3.190000     stop     -3.03   0.63  -4.39      15:45 15dk
2026-01-12 KLGYO kirilim   17.4     7.700000    hedef      2.97   7.79  -0.39      10:00 15dk
2026-01-12  ORGE     dip   10.2    67.000000 gun_sonu      0.12   0.82  -1.34      18:00 15dk
2026-01-13 ARENA     dip    9.9    30.500000    hedef      2.97   6.30  -0.85      10:00 15dk
2026-01-13 BORLS     dip    8.0     3.010000    hedef      2.97   5.65  -0.33      10:00 15dk
2026-01-13  ORGE     dip   10.5    68.500000 gun_sonu     -0.18   2.70  -0.58      18:00 15dk
2026-01-14 BORLS     dip    8.6     2.960000     stop     -3.03   2.36  -4.73      10:15 15dk
2026-01-14 DCTTR     dip    9.2     9.200000    hedef      2.97   6.63  -2.93      10:15 15dk
2026-01-14 DNISI     dip    6.5    20.000000 gun_sonu     -1.43   2.50  -1.55      18:00 15dk
2026-01-14 NATEN     dip    6.3     9.490000 gun_sonu     -0.14   2.74  -2.00      18:00 15dk
2026-01-14 POLTK     dip   18.1  6160.000000 gun_sonu     -0.36   2.31  -0.32      18:00 15dk
2026-01-15 AKYHO     dip    5.3     2.640000 gun_sonu      1.10   1.89  -0.38      18:00 15dk
2026-01-15 ATAKP kirilim   13.9    57.900000    hedef      2.97   6.48  -3.28      11:00 15dk
2026-01-15 BORLS     dip    5.4     2.620000    hedef      2.97  13.36   0.38      10:00 15dk
2026-01-15 ELITE     dip    6.6    29.000000 gun_sonu      2.04   2.55  -1.10      18:00 15dk
2026-01-15 ONCSM kirilim   18.6   299.500000    hedef      2.97   4.26  -2.92      10:00 15dk
2026-01-16 BESLR     dip    5.1    13.340000    hedef      2.97   3.15  -1.80      17:45 15dk
2026-01-16 SEGMN kirilim   19.2    28.000000    hedef      2.97   3.36  -3.57      10:00 15dk
2026-01-16 TEZOL     dip    5.8    12.170000 gun_sonu     -0.12   1.81  -0.66      18:00 15dk
2026-01-16 YYLGD kirilim    5.4    11.650000    hedef      2.97   9.01  -1.89      10:15 15dk
2026-01-19 DGNMO     dip    9.1     5.050000 gun_sonu     -0.83   0.40  -1.39      18:00 15dk
2026-01-19 GRNYO kirilim    7.9    18.320000     stop     -3.03   0.98  -6.60      10:15 15dk
2026-01-19 ONCSM kirilim    5.8   329.000000    hedef      2.97   3.95  -1.37      10:30 15dk
2026-01-19 TEZOL     dip    7.9    12.160000 gun_sonu     -0.36   0.82  -0.82      18:00 15dk
2026-01-20 IHAAS kirilim    5.5    44.000000    hedef      2.97  11.59   0.09      10:00 15dk
2026-01-20  LINK     dip   22.3     6.530423     stop     -3.03   0.47 -12.57      10:15 15dk
2026-01-20 RUBNS kirilim   16.9    33.900000    hedef      2.97   6.08  -0.29      10:00 15dk
2026-01-20 YBTAS     dip    5.2    20.000000    hedef      2.97   3.30   0.00      13:55  1dk
2026-01-20 YKSLN     dip    6.2     3.150000 gun_sonu     -1.30   1.90  -2.22      18:00 15dk
2026-01-21 GATEG kirilim    8.0   310.000000     stop     -3.03  -1.53  -5.16      13:55  1dk
2026-01-21 TURGG     dip   12.6    27.160000    hedef      2.97   6.92  -1.47      16:30 15dk
2026-01-21 VSNMD     dip   17.9   104.000000     stop     -3.03   2.60 -12.31      10:15 15dk
2026-01-22  ESEN     dip    9.3     5.700000     stop     -3.03   0.00  -9.65      10:15 15dk
2026-01-23 CEMAS     dip   14.5     4.290000     stop     -3.03   5.83  -4.43      10:45 15dk
2026-01-23 DERHL     dip   17.5    14.420000     stop     -3.03   4.23  -6.93      10:15 15dk
2026-01-23 GOZDE kirilim   10.3    24.700000 gun_sonu      1.83   1.86  -1.46      18:00 15dk
2026-01-23 IHYAY     dip    7.0     2.010000    hedef      2.97   3.98  -1.49      13:30 15dk
2026-01-26 BIZIM kirilim    6.1    31.000000    hedef      2.97   5.42  -0.19      10:00 15dk
2026-01-26 CATES kirilim   10.5    41.020000    hedef      2.97   6.24  -1.46      10:00 15dk
2026-01-26 DERHL     dip    5.7    14.400000    hedef      2.97   3.61  -3.06      11:45 15dk
2026-01-26 KERVN     dip    5.4     1.910000    hedef      2.97  10.47   9.95      12:55  1dk
2026-01-26 KLKIM kirilim    5.7    41.260000 gun_sonu     -1.54   1.11  -1.55      18:00 15dk
2026-01-26 KRDMA     dip    6.9    27.000000    hedef      2.97   4.30  -0.30      10:30 15dk
2026-01-26 TRILC     dip    7.2     2.839783    hedef      2.97   7.14  -0.44      10:00 15dk
2026-01-26 TUREX     dip   10.0     7.800000 gun_sonu     -1.44   1.15  -2.31      18:00 15dk
2026-01-27 BAKAB kirilim   13.1    45.480000    hedef      2.97   6.16  -3.74      10:15 15dk
2026-01-27 SANFM     dip   24.7     7.970000     stop     -3.03   1.25  -6.52      10:15 15dk
2026-01-28 ALVES kirilim   15.1     4.150000 gun_sonu      2.62   2.65  -0.48      18:00 15dk
2026-01-28 ATLAS kirilim    7.2     6.780000    hedef      2.97   8.26   0.00      10:00 15dk
2026-01-28 ESCAR     dip   10.3    25.000000    hedef      2.97   5.76  -0.72      10:15 15dk
2026-01-28 TUREX     dip    5.3     8.280000     stop     -3.03   0.00  -4.71      11:15 15dk
2026-01-29 BIGEN     dip    7.3     9.620000 gun_sonu     -2.42   2.18  -2.39      18:00 15dk
2026-01-29 ERBOS kirilim   10.8   215.000000 gun_sonu     -1.01   2.14  -1.77      18:00 15dk
2026-01-29 ISFIN kirilim   51.2    21.000000 gun_sonu      1.21   2.95  -3.81      18:00 15dk
2026-01-30 GATEG kirilim   64.2   372.000000     stop     -3.03  -0.54  -7.33      13:55  1dk
2026-01-30 GENIL     dip   51.1     8.659913    hedef      2.97   3.23  -8.93      10:00 15dk
2026-02-02 AKFYE kirilim    9.8    18.750000    hedef      2.97   9.65  -0.80      10:00 15dk
2026-02-02 BYDNR kirilim    5.3    34.020000    hedef      2.97   5.00  -5.06      10:15 15dk
2026-02-02 GENIL     dip   14.7     8.386583 gun_sonu     -1.54   0.56  -3.74      18:00 15dk
2026-02-02 HUNER     dip    7.5     3.200000    hedef      2.97   4.06  -0.31      14:30 15dk
2026-02-02 TEZOL     dip    6.5    12.790000 gun_sonu      0.36   0.86  -1.56      18:00 15dk
2026-02-03 DERHL     dip   11.1    15.720000    hedef      2.97   9.73  -1.72      10:15 15dk
2026-02-03 TRCAS kirilim    8.6    48.320000    hedef      2.97   3.23  -1.12      18:00 15dk
2026-02-04 ACSEL     dip    7.6   101.500000    hedef      2.97   5.32   0.20      11:00 15dk
2026-02-04 CMBTN     dip    5.4  1899.000000 gun_sonu     -0.03   1.11  -0.26      18:00 15dk
2026-02-04 DERHL     dip    7.3    17.300000    hedef      2.97   6.18 -10.23      10:00 15dk
2026-02-04 ESCAR     dip   13.0    27.000000 gun_sonu     -1.00   0.96  -1.33      18:00 15dk
2026-02-04 RAYSG     dip   10.0   232.000000     stop     -3.03  -0.43  -3.10      12:15 15dk
2026-02-05 DYOBY     dip    6.2    14.200000    hedef      2.97   5.56  -0.56      10:00 15dk
2026-02-06  LINK     dip    5.4     5.753601    hedef      2.97   3.65  -1.74      10:00 15dk
2026-02-09 ARENA     dip   34.3    28.000000 gun_sonu      0.25   1.71  -0.50      18:00 15dk
2026-02-09 BANVT     dip    5.1   168.700000    hedef      2.97   5.22  -0.12      16:00 15dk
2026-02-09 EBEBK kirilim    5.8    62.450000 gun_sonu     -0.19   2.08  -0.72      18:00 15dk
2026-02-09 EMKEL     dip   11.4    22.580000    hedef      2.97   3.19  -4.96      10:00 15dk
2026-02-09 MERCN     dip    5.8    18.000000 gun_sonu      2.41   2.44  -1.61      18:00 15dk
2026-02-09 SUWEN     dip   17.5     8.750000 gun_sonu     -0.83   0.80  -2.17      18:00 15dk
2026-02-09 TEKTU     dip   13.7     9.330000    hedef      2.97   6.54  -1.61      10:30 15dk
2026-02-10 CMBTN     dip    5.1  1971.000000    hedef      2.97   4.67  -0.46      10:00 15dk
2026-02-10 MERCN     dip    6.0    18.590000    hedef      2.97   9.09  -0.11      10:00 15dk
2026-02-10 TTRAK     dip    6.1   580.500000     stop     -3.03   0.78  -3.36      17:45 15dk
2026-02-11 DYOBY     dip   11.9    15.390000    hedef      2.97   3.44  -2.21      10:15 15dk
2026-02-11 GZNMI     dip    7.8    54.450000    hedef      2.97   5.79  -6.61      10:00 15dk
2026-02-11 MARKA     dip   11.6    39.640000     stop     -3.03   0.45  -6.86      10:15 15dk
2026-02-11 PKENT     dip   40.0   169.900000    hedef      2.97   5.06  -4.94      10:00 15dk
2026-02-12 ODINE kirilim   83.7   345.750000    hedef      2.97   8.75   0.00      10:00 15dk
2026-02-12 VSNMD     dip   13.1    94.000000    hedef      2.97   4.15  -1.49      11:30 15dk
2026-02-13 GEREL kirilim    9.0    27.440000     stop     -3.03   2.77  -8.97      10:15 15dk
2026-02-13 GZNMI     dip   12.4    57.750000    hedef      2.97   6.93  -0.69      10:00 15dk
2026-02-13 QUAGR     dip    8.8     3.090000    hedef      2.97   9.71  -0.32      10:00 15dk
2026-02-13 YAPRK     dip   25.9    14.357128    hedef      2.97   7.38  -0.50      10:00 15dk
2026-02-16 AKFIS kirilim   13.2    25.600000    hedef      2.97   9.14  -0.78      10:00 15dk
2026-02-16 ALBRK kirilim   19.3    10.250000 gun_sonu      0.26   2.83  -1.37      18:00 15dk
2026-02-16 ASUZU kirilim    7.5    67.000000    hedef      2.97   5.90   0.00      10:00 15dk
2026-02-16 BIENY     dip    6.7    27.200000    hedef      2.97   3.60  -2.87      10:00 15dk
2026-02-16 CEOEM     dip    6.7    23.100000    hedef      2.97   4.76   0.09      14:30 15dk
2026-02-16 EKGYO kirilim    5.0    26.500000 gun_sonu     -1.77   2.34  -2.57      18:00 15dk
2026-02-16 GZNMI     dip   12.1    65.050000    hedef      2.97   4.38  -5.00      10:00 15dk
2026-02-16 HLGYO kirilim    8.0     5.000000    hedef      2.97   4.20  -1.00      10:00 15dk
2026-02-16 IHLAS     dip   14.3     1.869734     stop     -3.03   2.86  -3.27      11:00 15dk
2026-02-16 IHYAY     dip   16.3     1.970000 gun_sonu      0.98   2.54   0.00      18:00 15dk
2026-02-16 OZKGY kirilim   12.7    16.100000 gun_sonu      0.84   1.68  -1.12      18:00 15dk
2026-02-16 QUAGR     dip   13.3     3.460000    hedef      2.97   4.62  -6.07      10:00 15dk
2026-02-16 SANFM     dip    5.3     7.390000 gun_sonu      0.64   1.89  -1.35      18:00 15dk
2026-02-16 YAPRK     dip   22.6    15.761889     stop     -3.03   5.06  -4.98      10:15 15dk
2026-02-17 BORLS     dip    5.0     3.080000    hedef      2.97   5.19  -5.19      10:00 15dk
2026-02-17 HATEK     dip   50.9    17.100000    hedef      2.97   8.19  -4.74      10:15 15dk
2026-02-17 KAYSE kirilim   13.4     5.560000    hedef      2.97   7.37  -1.44      10:15 15dk
2026-02-18 A1CAP kirilim    5.3    18.100000    hedef      2.97   3.04  -4.97      11:30 15dk
2026-02-18 AKFGY kirilim    6.7     3.110000 gun_sonu     -2.61   2.57  -2.89      18:00 15dk
2026-02-18 KBORU kirilim    8.1    18.600000    hedef      2.97  15.48  -0.70      10:00 15dk
2026-02-18  ORGE     dip    5.5    73.800000    hedef      2.97   3.59  -3.39      13:45 15dk
2026-02-18 OYYAT kirilim   13.0    64.250000     stop     -3.03   2.72  -3.50      17:00 15dk
2026-02-18 TATGD kirilim   21.6    16.800000    hedef      2.97   3.93  -2.38      10:15 15dk
2026-02-19 AYGAZ kirilim    7.2   247.000000 gun_sonu      1.38   2.13   0.04      18:00 15dk
2026-02-19 NIBAS kirilim    6.1     5.700000    hedef      2.97   5.26  -4.21      10:00 15dk
2026-02-19 VSNMD     dip    7.9    93.000000    hedef      2.97   3.06  -3.49      11:30 15dk
2026-02-20 EBEBK kirilim    6.5    61.600000    hedef      2.97   6.57   0.00      10:15 15dk
2026-02-20 PAMEL     dip   10.9    86.000000    hedef      2.97   5.81  -0.93      10:00 15dk
2026-02-24 A1CAP kirilim   52.8    18.990000     stop     -3.03  -0.05  -9.69      10:15 15dk
2026-02-24 FENER     dip    7.3     3.220000 gun_sonu     -2.83   0.93  -2.80      18:00 15dk
2026-02-24 HATEK     dip    6.1    16.980000    hedef      2.97   5.59  -1.65      10:45 15dk
2026-02-24 VAKKO kirilim   12.5    82.250000     stop     -3.03   2.01  -3.95      10:15 15dk
2026-02-25 ASUZU kirilim    8.3    74.300000     stop     -3.03  -1.21  -7.81      10:15 15dk
2026-02-25 IHAAS kirilim   52.9    70.000000    hedef      2.97  14.29   0.00      10:00 15dk
2026-02-25 POLTK     dip   50.1  6000.000000    hedef      2.97   6.33   0.00      11:15 15dk
2026-02-25 TKNSA     dip   55.4    21.840000     stop     -3.03   0.00  -4.30      11:00 15dk
2026-02-26 DERHL     dip   11.4    16.460000    hedef      2.97   4.74 -10.63      10:00 15dk
2026-02-26 RAYSG     dip    5.1   238.200000     stop     -3.03   2.39  -5.00      10:30 15dk
2026-02-26 SUMAS     dip    7.0   261.500000    hedef      2.97   6.21   3.25      12:55  1dk
2026-02-26 YAPRK     dip    6.1    16.273793     stop     -3.03   6.51 -10.68      10:15 15dk
2026-02-27 PATEK     dip    5.8    18.600000    hedef      2.97   5.91   0.05      10:00 15dk
2026-03-02 ALCAR     dip    9.0   750.000000    hedef      2.97   6.60   0.00      10:00 15dk
2026-03-02 ANGEN     dip   13.4     9.800000    hedef      2.97   5.82   0.00      10:00 15dk
2026-03-02 AVHOL     dip   14.7    33.800000    hedef      2.97   6.09   0.00      10:00 15dk
2026-03-02 BEGYO     dip    9.1     3.960000    hedef      2.97   5.81   0.51      10:00 15dk
2026-03-02 BIENY     dip   11.6    20.820000    hedef      2.97   6.92   0.00      10:00 15dk
2026-03-02 BIOEN     dip    6.8    14.670000    hedef      2.97   7.29   0.00      10:00 15dk
2026-03-02 BORLS     dip    6.1     2.840000    hedef      2.97  10.56  -1.41      10:00 15dk
2026-03-02 CEOEM     dip    8.2    18.700000    hedef      2.97  14.12   0.11      10:00 15dk
2026-03-02 DGGYO     dip   50.2    27.140000    hedef      2.97   8.55   0.00      10:00 15dk
2026-03-02 DNISI     dip   27.3    19.170000    hedef      2.97   5.89   0.00      10:00 15dk
2026-03-02 DOFER     dip    6.1    29.160000    hedef      2.97  10.43   0.14      10:00 15dk
2026-03-02 EGEEN     dip    9.6  6000.000000    hedef      2.97   4.83  -1.33      10:00 15dk
2026-03-02 EGSER     dip    8.3     2.810000    hedef      2.97   6.05   0.00      10:00 15dk
2026-03-02 EKSUN     dip    7.4     4.900000    hedef      2.97   6.53  -0.41      10:00 15dk
2026-03-02 ESCAR     dip    5.6    24.500000    hedef      2.97  12.49   0.24      10:00 15dk
2026-03-02 FMIZP     dip    7.4   285.000000 gun_sonu      0.05   1.23  -4.91      18:00 15dk
2026-03-02 GIPTA     dip    7.8    50.800000    hedef      2.97   7.48   0.10      10:00 15dk
2026-03-02 IHEVA     dip   15.4     2.070000    hedef      2.97   5.80   0.00      10:00 15dk
2026-03-02 INGRM     dip   58.4   354.750000    hedef      2.97   7.12   0.00      10:00 15dk
2026-03-02 INVEO     dip   16.7     7.200000    hedef      2.97   5.56   0.00      10:00 15dk
2026-03-02 INVES     dip   13.1   208.600000    hedef      2.97  22.00   0.00      10:00 15dk
2026-03-02 KFEIN     dip    5.5     8.110000    hedef      2.97  11.34   0.00      10:00 15dk
2026-03-02 KMPUR     dip    6.0    13.310000    hedef      2.97   6.09   0.38      10:00 15dk
2026-03-02 KOTON     dip    5.4    14.350000    hedef      2.97   6.06  -0.35      10:00 15dk
2026-03-02 KRDMB kirilim    7.2    34.500000    hedef      2.97   6.49  -4.81      10:00 15dk
2026-03-02 KRTEK     dip    5.4    25.500000    hedef      2.97   3.14  -1.10      10:00 15dk
2026-03-02 LYDYE     dip    6.3 13100.000000    hedef      2.97  17.56  -0.76      10:00 15dk
2026-03-02 MARBL     dip    6.3    11.300000    hedef      2.97   4.69   0.00      10:00 15dk
2026-03-02 MERCN     dip    5.0    15.340000    hedef      2.97   4.50  -0.78      10:00 15dk
2026-03-02 NATEN     dip    5.5     7.260000    hedef      2.97   5.37   0.00      10:00 15dk
2026-03-02  ORGE     dip    6.2    65.050000    hedef      2.97   5.38  -0.08      10:00 15dk
2026-03-02  OTTO     dip    8.3   284.000000    hedef      2.97   6.51  -2.20      10:00 15dk
2026-03-02 PAMEL     dip    5.6    77.750000    hedef      2.97   5.40  -2.12      10:00 15dk
2026-03-02 PARSN     dip   20.3    80.000000    hedef      2.97   5.75   0.00      10:00 15dk
2026-03-02 PATEK     dip    8.2    18.900000    hedef      2.97   9.84  -1.06      10:00 15dk
2026-03-02 PENTA     dip   11.5    12.650000    hedef      2.97   5.53   0.08      10:00 15dk
2026-03-02 PLTUR     dip    6.8    20.080000    hedef      2.97   6.37   0.00      10:00 15dk
2026-03-02 RAYSG     dip    6.5   198.500000    hedef      2.97   5.29  -0.05      10:00 15dk
2026-03-02 SAMAT     dip    9.6     5.200000    hedef      2.97   5.00  -0.19      10:00 15dk
2026-03-02 SANFM     dip    7.0     7.010000    hedef      2.97   6.42   0.57      10:00 15dk
2026-03-02 SKYMD     dip   20.5    11.270000    hedef      2.97   9.14   0.00      10:00 15dk
2026-03-02 SMRVA     dip    6.7    10.245986    hedef      2.97   6.24   0.00      10:00 15dk
2026-03-02 SUNTK     dip   10.8    33.140000    hedef      2.97   7.85   0.00      10:00 15dk
2026-03-02 TATEN     dip    6.2     8.160000    hedef      2.97   7.48   0.00      10:00 15dk
2026-03-02 TRILC     dip   11.9     2.253102    hedef      2.97   5.89   0.00      10:00 15dk
2026-03-02 TUREX     dip    5.4     6.490000    hedef      2.97   5.86   0.00      10:00 15dk
2026-03-02 VERTU     dip    7.2    35.260000    hedef      2.97  18.15  -1.76      10:00 15dk
2026-03-02 VESBE     dip    6.3     7.400000    hedef      2.97   3.65  -1.89      10:00 15dk
2026-03-02 VRGYO     dip    7.7     2.080000    hedef      2.97   6.73   0.00      10:00 15dk
2026-03-02 YAYLA     dip    6.9    23.020000    hedef      2.97   5.47  -0.96      10:00 15dk
2026-03-03  ADEL     dip   48.5    29.580000    hedef      2.97  14.67   0.81      10:00 15dk
2026-03-03 BANVT     dip    5.2   154.900000    hedef      2.97   4.58  -0.90      10:00 15dk
2026-03-03 DESPC     dip   59.6    42.320000    hedef      2.97   3.31  -2.46      11:45 15dk
2026-03-03 INVES     dip   59.5   257.500000    hedef      2.97   8.64  -1.36      10:15 15dk
2026-03-03 NTGAZ kirilim    5.1    13.000000    hedef      2.97   5.15  -4.23      10:00 15dk
2026-03-03 SDTTR kirilim    9.4   282.000000     stop     -3.03   2.84 -10.55      10:15 15dk
2026-03-04 AVTUR kirilim    7.1    21.200000    hedef      2.97   7.08  -7.83      10:00 15dk
2026-03-04 INVES     dip   18.6   285.000000    hedef      2.97   6.84  -1.58      10:00 15dk
2026-03-05 BIENY     dip    8.2    24.060000    hedef      2.97   8.31   0.00      10:00 15dk
2026-03-05 BORLS     dip   22.2     3.530000     stop     -3.03   1.98  -8.22      10:15 15dk
2026-03-05 GZNMI     dip   10.4    60.550000 gun_sonu      1.45   1.49  -3.06      18:00 15dk
2026-03-05 INVES     dip    5.8   303.000000    hedef      2.97   7.26  -2.64      13:45 15dk
2026-03-05 KRDMB kirilim   37.6    36.600000    hedef      2.97   6.56   0.00      10:00 15dk
2026-03-05 PKENT     dip    9.4   163.000000    hedef      2.97   4.97  -4.54      10:15 15dk
2026-03-05 QUAGR     dip   12.6     2.990000    hedef      2.97   7.02  -0.33      10:00 15dk
2026-03-06 BIOEN     dip    7.8    16.550000 gun_sonu      2.63   2.66  -0.60      18:00 15dk
2026-03-06 QUAGR     dip    9.7     3.200000     stop     -3.03   1.25 -10.00      10:15 15dk
2026-03-09 AZTEK     dip    7.6     4.060000    hedef      2.97   5.67   0.99      10:00 15dk
2026-03-09 ESCAR     dip   15.8    26.500000    hedef      2.97   5.13   0.00      10:00 15dk
2026-03-09 HATEK     dip   12.2    13.350000    hedef      2.97   5.77   0.67      10:00 15dk
2026-03-09 KOTON     dip    5.8    14.310000 gun_sonu      0.60   1.47  -1.75      18:00 15dk
2026-03-09 KRDMB kirilim   26.7    38.500000    hedef      2.97   3.48  -2.60      17:30 15dk
2026-03-09 TATEN     dip    6.0     9.030000    hedef      2.97   8.75  -1.88      10:00 15dk
2026-03-10 BFREN     dip    5.5   141.300000 gun_sonu      2.23   2.55   0.07      18:00 15dk
2026-03-10 BJKAS     dip    5.3     1.460000 gun_sonu      1.34   2.05  -0.68      18:00 15dk
2026-03-10 CATES kirilim    8.7    45.040000    hedef      2.97   8.17  -3.02      10:00 15dk
2026-03-10 GIPTA     dip    6.4    60.700000    hedef      2.97   7.58  -0.33      10:00 15dk
2026-03-10 KRDMB kirilim   13.9    39.600000 gun_sonu      0.47   2.53   0.05      18:00 15dk
2026-03-10 MARKA     dip   13.5    27.220000    hedef      2.97   4.34  -1.40      10:00 15dk
2026-03-10 TATEN     dip   17.2    10.650000 gun_sonu      1.38   1.41  -1.97      18:00 15dk
2026-03-11 KFEIN     dip   11.8     8.900000 gun_sonu     -1.27   2.13  -2.36      18:00 15dk
2026-03-11  LINK     dip   15.8     6.097500     stop     -3.03   0.00 -12.00      10:15 15dk
2026-03-11 YBTAS     dip    9.7    19.740000    hedef      2.97   6.59   3.85      12:55  1dk
2026-03-12 ARASE kirilim    7.9    92.450000     stop     -3.03   2.00  -4.92      10:15 15dk
2026-03-12 DGNMO     dip   16.2     3.980000     stop     -3.03   2.26  -3.52      15:45 15dk
2026-03-12 ELITE     dip   13.0    29.020000    hedef      2.97   4.07  -2.76      10:00 15dk
2026-03-12 TBORG     dip   32.1   151.100000    hedef      2.97   3.77   0.07      10:00 15dk
2026-03-12 YATAS kirilim   18.3    49.000000     stop     -3.03  -0.04  -7.27      10:15 15dk
2026-03-12 YBTAS     dip   22.5    22.900000 gun_sonu      0.58   0.87   0.61      18:08  1dk
2026-03-12 YGGYO kirilim    5.4   169.000000    hedef      2.97   4.38  -1.78      11:45 15dk
2026-03-13 ENSRI kirilim    5.3    34.140000    hedef      2.97   3.10  -3.40      12:00 15dk
2026-03-13 TUREX     dip    5.3     7.920000    hedef      2.97   4.17  -1.89      10:00 15dk
2026-03-16 GIPTA     dip    6.9    69.100000 gun_sonu      1.92   1.95  -1.59      18:00 15dk
2026-03-16 KRDMB kirilim    7.9    47.000000    hedef      2.97   6.17   0.00      10:00 15dk
2026-03-16 MARKA     dip   11.8    22.120000    hedef      2.97  20.34  -1.45      10:00 15dk
2026-03-16 YBTAS     dip    5.8    19.230000    hedef      2.97   5.77   1.51      13:55  1dk
2026-03-17 DYOBY     dip    7.7    13.790000 gun_sonu     -1.92   0.44  -2.54      18:00 15dk
2026-03-17  EFOR     dip    5.2    13.920000 gun_sonu     -0.03   0.00   0.00      18:00 15dk
2026-03-17 KLSER     dip    7.1    25.520000 gun_sonu      1.38   2.12  -0.08      18:00 15dk
2026-03-18 DMRGD kirilim    7.4     4.410000    hedef      2.97   6.12  -2.04      14:15 15dk
2026-03-18  LINK     dip   13.2     6.400000    hedef      2.97   5.47  -3.12      10:00 15dk
2026-03-18 MARKA     dip    7.7    30.640000    hedef      2.97   5.09  -0.59      10:00 15dk
2026-03-19 ACSEL     dip    5.8   100.000000 gun_sonu      2.77   2.80   0.10      12:30 15dk
2026-03-19 AKENR     dip    7.2     9.670000 gun_sonu      0.28   0.41  -0.72      12:30 15dk
2026-03-19 AKFIS kirilim   47.5    39.300000    hedef      2.97   3.46  -2.24      11:15 15dk
2026-03-19 AKYHO     dip    5.8     2.630000    hedef      2.97   4.56  -1.14      10:45 15dk
2026-03-19 ALCAR     dip    6.1   752.500000 gun_sonu      0.30   1.00  -0.33      12:30 15dk
2026-03-19 ALKLC kirilim   22.3   296.000000    hedef      2.97   8.45   0.00      10:00 15dk
2026-03-19 ANELE     dip   12.7    13.930000 gun_sonu      0.61   1.15  -0.14      12:30 15dk
2026-03-19 ANGEN     dip    5.7    10.270000 gun_sonu      0.65   1.07  -0.49      12:30 15dk
2026-03-19 ARENA     dip   15.7    25.060000 gun_sonu     -0.83  -0.08  -1.20      12:30 15dk
2026-03-19 AZTEK     dip   13.4     4.070000 gun_sonu      0.21   0.49  -0.74      12:30 15dk
2026-03-19 BAHKM kirilim   76.4   144.300000    hedef      2.97   5.27  -0.90      10:00 15dk
2026-03-19 BALSU     dip    8.9    14.180000 gun_sonu     -0.17   0.49  -0.85      12:30 15dk
2026-03-19 BANVT     dip   36.5   155.000000 gun_sonu     -0.48   0.00  -1.55      12:30 15dk
2026-03-19 BAYRK     dip   25.8     4.590000 gun_sonu     -0.90   0.22  -1.31      12:30 15dk
2026-03-19 BEGYO     dip   11.8     4.240000 gun_sonu     -0.74  -0.24  -1.65      12:30 15dk
2026-03-19 BFREN     dip    8.7   141.400000 gun_sonu      0.25   0.42  -0.21      12:30 15dk
2026-03-19 BIENY     dip    5.5    23.140000 gun_sonu      1.18   1.38  -0.52      12:30 15dk
2026-03-19 BIGEN     dip   10.3     8.710000 gun_sonu     -0.26   0.11  -0.69      12:30 15dk
2026-03-19 BIGTK     dip  118.1   242.400000    hedef      2.97   7.16  -0.54      10:15 15dk
2026-03-19 BINBN     dip   16.0   160.400000 gun_sonu     -0.34   0.50  -0.75      12:30 15dk
2026-03-19 BOBET     dip  111.7    19.590000 gun_sonu     -2.02  -0.05  -2.40      12:30 15dk
2026-03-19 BORLS     dip    9.0     2.870000 gun_sonu     -1.43   0.00  -2.44      12:30 15dk
2026-03-19 BUCIM     dip    5.7     6.110000 gun_sonu      0.29   0.82   0.00      12:30 15dk
2026-03-19 CEMTS     dip    6.3    10.380000 gun_sonu      0.74   0.77  -0.77      12:30 15dk
2026-03-19 CEOEM     dip   19.4    21.520000 gun_sonu      0.34   1.49  -0.46      12:30 15dk
2026-03-19 CMBTN     dip   17.2  1710.000000 gun_sonu      0.61   1.46  -0.35      12:30 15dk
2026-03-19 DCTTR     dip   38.1     8.310000    hedef      2.97   5.17  -0.60      10:30 15dk
2026-03-19 DERHL     dip    7.8    14.420000 gun_sonu      0.18   1.11  -3.95      12:30 15dk
2026-03-19 DESPC     dip    5.9    37.740000    hedef      2.97   4.40   0.69      10:00 15dk
2026-03-19 DGNMO     dip   16.6     3.880000 gun_sonu      1.26   2.06  -0.52      12:30 15dk
2026-03-19 DNISI     dip    7.7    19.740000 gun_sonu     -0.24   0.10  -0.86      12:30 15dk
2026-03-19 DSTKF kirilim   12.3  1840.000000    hedef      2.97   5.11  -0.33      11:15 15dk
2026-03-19 DYOBY     dip   29.8    13.340000 gun_sonu     -1.98   0.15  -2.55      12:30 15dk
2026-03-19  EFOR     dip   69.2    11.280000 gun_sonu     -0.03   0.00   0.00      12:30 15dk
2026-03-19 EGEEN     dip    9.8  5892.500000 gun_sonu      0.43   0.93  -1.40      12:30 15dk
2026-03-19 EGSER     dip    5.8     2.880000 gun_sonu      1.36   1.39  -0.69      12:30 15dk
2026-03-19 ELITE     dip   11.8    28.360000 gun_sonu     -0.03   0.78  -0.78      12:30 15dk
2026-03-19 EMKEL     dip  321.8    20.280000    hedef      2.97   9.17   0.00      10:00 15dk
2026-03-19  ERCB     dip   17.2    51.850000 gun_sonu     -2.44   0.10  -2.41      12:30 15dk
2026-03-19 ESCAR     dip   11.0    30.200000 gun_sonu      0.23   1.66  -0.60      12:30 15dk
2026-03-19  ESEN     dip   15.2     3.950000 gun_sonu      0.98   1.27  -1.01      12:30 15dk
2026-03-19 ETILR     dip    9.8     3.870000 gun_sonu     -0.29  -0.26  -1.29      12:30 15dk
2026-03-19 FENER     dip    9.5     2.710000    hedef      2.97   4.43  -0.74      12:15 15dk
2026-03-19 FORMT     dip   55.7     2.870000    hedef      2.97   6.62  -1.05      10:15 15dk
2026-03-19 FORTE kirilim   33.5    97.050000    hedef      2.97   9.94  -0.36      10:15 15dk
2026-03-19 FZLGY kirilim  235.3    16.700000    hedef      2.97   6.59  -0.18      10:00 15dk
2026-03-19 GIPTA     dip   19.4    70.050000    hedef      2.97   5.28  -2.28      11:00 15dk
2026-03-19 GOODY     dip    9.4     2.504597    hedef      2.97 464.16 459.37      10:00 15dk
2026-03-19 GZNMI     dip   12.7    57.550000    hedef      2.97   5.99  -0.26      10:00 15dk
2026-03-19 HATEK     dip    8.5    15.400000 gun_sonu      1.79   1.88  -1.30      12:30 15dk
2026-03-19 HATSN     dip   12.5    37.220000 gun_sonu      0.18   0.75  -0.21      12:30 15dk
2026-03-19 HTTBT     dip   17.2    37.200000 gun_sonu     -0.25   1.29  -0.97      12:30 15dk
2026-03-19 HUNER     dip   23.9     3.100000 gun_sonu     -0.03   0.65  -0.32      12:30 15dk
2026-03-19 IHLAS     dip    7.8     1.549208 gun_sonu     -0.03   0.49  -0.49      12:30 15dk
2026-03-19 IHYAY     dip   13.7     1.760000 gun_sonu     -0.60   0.57  -1.14      12:30 15dk
2026-03-19 INGRM     dip    8.6   382.750000 gun_sonu     -0.23   1.37  -0.72      12:30 15dk
2026-03-19 ISGSY kirilim   16.5    24.936220    hedef      2.97 516.77 485.89      10:00 15dk
2026-03-19 ISSEN     dip    6.8     7.170000 gun_sonu      1.78   1.81  -0.70      12:30 15dk
2026-03-19 JANTS     dip   23.1    16.980000 gun_sonu     -0.50   0.94  -0.59      12:30 15dk
2026-03-19 KARTN     dip    8.2    70.000000     stop     -3.03   0.57  -3.21      12:30 15dk
2026-03-19 KFEIN     dip    8.0     8.680000 gun_sonu      0.08   0.35  -1.15      12:30 15dk
2026-03-19 KLRHO     dip   42.8   118.400000    hedef      2.97  10.39  -1.44      10:00 15dk
2026-03-19 KLSER     dip  154.7    26.000000    hedef      2.97   6.31  -0.69      10:00 15dk
2026-03-19 KLSYN kirilim   29.0     9.790000    hedef      2.97   4.19   0.00      10:00 15dk
2026-03-19 KLYPV     dip    7.0    55.550000 gun_sonu      1.95   1.98  -0.36      12:30 15dk
2026-03-19 KNFRT     dip   14.0    10.900000 gun_sonu     -1.13  -0.09  -1.19      12:30 15dk
2026-03-19 KOTON     dip   14.0    15.100000 gun_sonu      1.09   1.32  -0.60      12:30 15dk
2026-03-19 KRGYO     dip   20.9     2.750000 gun_sonu      0.33   1.09  -0.73      12:30 15dk
2026-03-19 KUYAS kirilim   11.5    76.450000    hedef      2.97   3.34   0.00      11:15 15dk
2026-03-19 LIDER kirilim    5.7    96.000000    hedef      2.97   7.29  -0.89      10:45 15dk
2026-03-19  LINK     dip   49.5     6.420000     stop     -3.03   3.27  -4.98      10:15 15dk
2026-03-19 MAKIM     dip   13.2    15.430000 gun_sonu     -1.52   0.19  -1.94      12:30 15dk
2026-03-19 MARMR     dip  233.3     2.540000    hedef      2.97   5.51  -1.57      10:00 15dk
2026-03-19 MARTI     dip   20.6     1.460000 gun_sonu     -1.40   0.00  -1.37      12:30 15dk
2026-03-19 MEDTR     dip    6.8    28.400000 gun_sonu     -0.67  -0.21  -1.34      12:30 15dk
2026-03-19 MERCN     dip    9.0    16.760000 gun_sonu      1.40   1.43  -0.18      12:30 15dk
2026-03-19 MRSHL     dip   14.6  1397.000000 gun_sonu      0.90   0.93  -0.57      12:30 15dk
2026-03-19 NATEN     dip   19.3     7.180000 gun_sonu      0.11   2.09  -0.97      12:30 15dk
2026-03-19 ONRYT     dip   10.1    58.850000 gun_sonu     -0.37   0.25  -1.02      12:30 15dk
2026-03-19  ORGE     dip    7.8    67.400000 gun_sonu      0.12   0.15  -0.96      12:30 15dk
2026-03-19 OSMEN     dip   29.5     7.440000 gun_sonu      0.10   0.27  -1.61      12:30 15dk
2026-03-19 OSTIM     dip   10.3     2.066664 gun_sonu     -0.03   0.72  -0.36      12:30 15dk
2026-03-19  OTTO     dip    8.3   304.000000 gun_sonu      2.60   2.63  -2.38      12:30 15dk
2026-03-19 PAGYO kirilim   10.5   102.100000    hedef      2.97   5.78  -0.59      11:30 15dk
2026-03-19 PAMEL     dip   15.2    81.400000 gun_sonu      0.83   1.97   0.00      12:30 15dk
2026-03-19 PAPIL     dip   14.6    16.080000 gun_sonu     -2.02   0.00  -2.43      12:30 15dk
2026-03-19 PATEK     dip   12.9    17.680000 gun_sonu     -0.77   0.00  -1.47      12:30 15dk
2026-03-19 PKENT     dip   13.6   155.600000 gun_sonu     -0.68   0.00  -1.03      12:30 15dk
2026-03-19 POLTK     dip    5.7  5050.000000 gun_sonu     -1.07  -0.20  -1.78      12:30 15dk
2026-03-19 QUAGR     dip    9.9     3.050000 gun_sonu      2.26   2.62  -0.98      12:30 15dk
2026-03-19 RAYSG     dip   13.2   199.800000 gun_sonu      0.57   0.80  -0.90      12:30 15dk
2026-03-19 SANFM     dip   12.0     7.040000 gun_sonu     -1.03   0.57  -1.14      12:30 15dk
2026-03-19 SEGMN kirilim   93.4    55.400000    hedef      2.97   7.58   0.00      10:00 15dk
2026-03-19 SERNT     dip   22.6     8.040000     stop     -3.03  -0.12  -3.11      11:00 15dk
2026-03-19 SMRVA     dip   45.1    11.868431 gun_sonu      0.30   0.41  -2.07      12:30 15dk
2026-03-19 SNICA     dip    8.3     3.800000 gun_sonu      0.49   1.05  -0.79      12:30 15dk
2026-03-19 SUWEN     dip   10.6     9.110000 gun_sonu     -1.24   0.44  -1.32      12:30 15dk
2026-03-19 TBORG     dip    5.3   149.100000 gun_sonu      0.17   0.87  -0.40      12:30 15dk
2026-03-19 TEKTU     dip   17.5     8.890000 gun_sonu     -0.26   0.67  -1.35      12:30 15dk
2026-03-19 TKNSA     dip    5.1    22.020000 gun_sonu      0.60   1.73  -0.91      12:30 15dk
2026-03-19 TRILC     dip    5.4     2.479349 gun_sonu     -0.03   0.00  -0.94      12:30 15dk
2026-03-19 TTRAK     dip   15.0   457.000000 gun_sonu      0.35   0.38  -0.93      12:30 15dk
2026-03-19 TUCLK     dip   34.5     4.490000    hedef      2.97   3.12  -0.89      11:15 15dk
2026-03-19 TUKAS     dip    8.6     2.330000 gun_sonu     -0.03   0.43  -0.86      12:30 15dk
2026-03-19 TUREX     dip   50.9     7.710000     stop     -3.03   0.26  -4.02      10:15 15dk
2026-03-19 TURGG     dip   14.6    27.780000    hedef      2.97   3.46  -0.22      11:30 15dk
2026-03-19  USAK     dip   16.3     1.630000 gun_sonu     -0.03   1.23  -0.61      12:30 15dk
2026-03-19 VESBE     dip   12.1     7.310000 gun_sonu     -2.63   0.41  -2.60      12:30 15dk
2026-03-19 VKING     dip   66.6    26.360000 gun_sonu     -2.01   2.20  -2.12      12:30 15dk
2026-03-19 VSNMD     dip   10.4    77.000000 gun_sonu      0.42   0.45  -1.82      12:30 15dk
2026-03-19 YAYLA     dip   40.7    23.940000 gun_sonu     -1.29   1.59  -1.84      12:30 15dk
2026-03-19 YESIL     dip   94.3     1.570000     stop     -3.03   0.64  -7.01      10:15 15dk
2026-03-19 YIGIT     dip   10.4    22.500000 gun_sonu     -0.66  -0.18  -1.42      12:30 15dk
2026-03-23  EFOR     dip    7.5    10.160000 gun_sonu     -0.03   0.00   0.00      18:00 15dk
2026-03-25  EFOR     dip   26.3     8.400000    hedef      2.97  19.40   0.48      10:00 15dk
2026-03-25 YYAPI     dip   23.4     1.130000    hedef      2.97  18.58   7.08      12:55  1dk
2026-03-26 GOODY     dip   11.6     2.634268    hedef      2.97 476.63 463.34      10:00 15dk
2026-03-26 RUBNS kirilim   11.5    40.460000    hedef      2.97   7.46  -1.14      10:15 15dk
2026-03-27 HATSN     dip    7.6    38.600000     stop     -3.03   1.81  -3.42      13:30 15dk
2026-03-31  AYEN kirilim   11.7    32.120000    hedef      2.97   4.55  -3.36      10:00 15dk
2026-03-31 MOBTL kirilim    7.4    12.000000     stop     -3.03   6.67  -5.33      10:15 15dk
2026-04-01  ADEL kirilim    5.7    41.500000    hedef      2.97   4.96   0.00      10:00 15dk
2026-04-01 RUBNS kirilim   10.8    43.500000    hedef      2.97   4.97  -0.74      12:15 15dk
2026-04-01 VKING     dip    5.0    26.980000     stop     -3.03   0.82  -5.04      10:45 15dk
2026-04-02 BEGYO     dip    9.1     4.620000    hedef      2.97   4.76  -4.33      10:00 15dk
2026-04-02 KNFRT     dip    5.2    10.690000 gun_sonu     -0.59   0.09  -0.84      18:00 15dk
2026-04-02 MARTI     dip    5.4     1.540000    hedef      2.97  10.39  -1.30      10:00 15dk
2026-04-02 QUAGR     dip    5.2     3.240000    hedef      2.97   5.86  -2.47      10:30 15dk
2026-04-02 SMRVA     dip    7.6    12.389580    hedef      2.97   5.79  -5.00      10:00 15dk
2026-04-02 TSGYO     dip   26.8     6.330000    hedef      2.97   3.79   0.47      10:15 15dk
2026-04-03 BORLS     dip    9.0     3.250000     stop     -3.03   2.46  -9.54      10:15 15dk
2026-04-03  ERCB     dip    8.2    57.900000    hedef      2.97   5.01  -1.47      10:00 15dk
2026-04-03  FADE kirilim    8.1    17.400000    hedef      2.97   6.90 -10.80      10:00 15dk
2026-04-03 TURGG     dip    9.1    29.080000 gun_sonu      0.04   1.93  -0.34      18:00 15dk
2026-04-07 CEOEM     dip    5.7    23.080000 gun_sonu      0.66   0.69  -2.51      18:00 15dk
2026-04-07 POLHO kirilim    5.8    25.020000     stop     -3.03   1.12 -14.87      10:15 15dk
2026-04-08 LKMNH     dip    7.3    15.020000 gun_sonu      1.83   2.66   0.00      18:00 15dk
2026-04-08 RGYAS kirilim    5.8   175.400000     stop     -3.03   0.00  -3.53      10:15 15dk
2026-04-08 SNICA     dip    7.0     3.930000 gun_sonu     -0.29   0.76  -0.76      18:00 15dk
2026-04-09 VRGYO     dip    5.7     2.300000    hedef      2.97   7.39   0.00      10:00 15dk
2026-04-10 BORLS     dip   13.6     3.930000 gun_sonu      1.49   1.53  -1.02      18:00 15dk
2026-04-13 ALCAR     dip    5.3   740.000000 gun_sonu      0.98   1.96  -1.35      18:00 15dk
2026-04-13 OZATD kirilim   22.5   260.000000     stop     -3.03   5.29  -3.65      10:15 15dk
2026-04-13 SMRVA     dip    6.0    15.536140    hedef      2.97   4.43  -9.68      10:00 15dk
2026-04-13 TMPOL kirilim   13.4   600.000000    hedef      2.97   9.58  -2.17      10:15 15dk
2026-04-14 GEREL kirilim    7.4    35.760000    hedef      2.97   8.84  -0.17      10:00 15dk
2026-04-15 ARENA     dip   15.8    28.640000     stop     -3.03   3.00  -3.98      10:15 15dk
2026-04-15 GENTS     dip   31.7     6.890000    hedef      2.97   7.84  -0.58      10:00 15dk
2026-04-15 OZATD kirilim    9.4   280.000000    hedef      2.97   3.21  -2.86      10:00 15dk
2026-04-15 SNPAM     dip    6.0    20.060000    hedef      2.97   5.78   5.68      12:55  1dk
2026-04-15 VSNMD     dip   11.4    91.600000    hedef      2.97   6.33  -0.11      10:00 15dk
2026-04-16 ADESE     dip    8.7     1.130000    hedef      2.97   5.31  -0.88      10:00 15dk
2026-04-16 SMRVA     dip    6.5    20.511638    hedef      2.97   3.93  -8.92      10:00 15dk
2026-04-16 SUWEN     dip    5.4     9.400000    hedef      2.97   4.36  -0.21      12:15 15dk
2026-04-16 VSNMD     dip   30.3   102.100000    hedef      2.97   3.23  -6.17      10:00 15dk
2026-04-17 MERCN     dip   16.5    19.760000    hedef      2.97   6.48  -1.77      10:00 15dk
2026-04-20 AKCNS kirilim   35.5   223.000000     stop     -3.03   0.67  -4.98      10:15 15dk
2026-04-20 AKYHO     dip    7.2     2.690000    hedef      2.97   5.95  -1.49      10:15 15dk
2026-04-20 ALCAR     dip    9.9   807.500000 gun_sonu      0.09   1.86  -0.19      18:00 15dk
2026-04-20 BANVT     dip    9.9   162.000000    hedef      2.97   4.20   0.00      10:15 15dk
2026-04-20 CRFSA kirilim   10.3   200.000000     stop     -3.03   0.40 -13.60      10:15 15dk
2026-04-20 DURDO kirilim   15.4     4.600000    hedef      2.97  10.22  -2.61      12:15 15dk
2026-04-20 ELITE     dip    7.4    30.460000    hedef      2.97   3.68  -0.53      10:00 15dk
2026-04-20 FENER     dip   18.9     2.900000 gun_sonu     -0.38   1.72  -0.34      18:00 15dk
2026-04-20 HATEK     dip   10.4    16.550000     stop     -3.03   1.09  -4.35      10:15 15dk
2026-04-20 IZFAS kirilim    7.7    70.550000     stop     -3.03   5.81  -7.65      10:15 15dk
2026-04-20 KLRHO     dip    5.0   121.800000    hedef      2.97   6.08  -9.52      10:00 15dk
2026-04-20 KRGYO     dip   11.0     2.910000 gun_sonu     -1.41   1.03  -1.72      18:00 15dk
2026-04-20 MEGAP     dip    5.3     2.860000    hedef      2.97   4.55   1.40      13:55  1dk
2026-04-20 PAPIL     dip   11.4    18.500000     stop     -3.03   0.49  -7.95      10:15 15dk
2026-04-20 PRDGS kirilim   20.1     8.180000 gun_sonu      1.68   1.71  -2.20      18:00 15dk
2026-04-20 SKYLP kirilim    5.4   328.250000    hedef      2.97  10.13  -3.96      10:00 15dk
2026-04-21 KARTN kirilim    7.5   101.000000     stop     -3.03   2.87  -6.73      10:30 15dk
2026-04-21 TCKRC kirilim    7.4   104.500000    hedef      2.97   8.33  -3.35      11:30 15dk
2026-04-21 ULUSE kirilim    6.8   247.600000    hedef      2.97   5.41  -0.24      10:00 15dk
2026-04-22  ESEN     dip   29.5     4.900000    hedef      2.97   4.08 -12.86      10:00 15dk
2026-04-22 PKART kirilim   14.2   100.000000    hedef      2.97   5.40  -1.35      10:00 15dk
2026-04-22 SAMAT     dip    8.7     5.740000     stop     -3.03   0.70  -3.83      10:15 15dk
2026-04-24 HOROZ kirilim   50.3    73.000000    hedef      2.97   3.49  -2.74      10:00 15dk
2026-04-24 SEKUR kirilim    6.0     8.340000    hedef      2.97   3.60  -3.36      10:15 15dk
2026-04-27 MEGMT kirilim    5.6    81.500000    hedef      2.97   5.52   0.06      10:00 15dk
2026-04-27 YESIL     dip   11.0     1.710000    hedef      2.97   5.85  -2.34      10:00 15dk
2026-04-28 KRDMB kirilim    9.0    78.000000    hedef      2.97   9.36  -1.79      10:00 15dk
2026-04-29 ARASE kirilim    9.6   111.100000     stop     -3.03   0.72  -8.10      10:15 15dk
2026-04-29 BIENY     dip   10.7    22.300000    hedef      2.97   7.17   0.09      10:00 15dk
2026-04-29 GWIND kirilim    9.2    29.980000    hedef      2.97   5.87  -0.27      12:30 15dk
2026-04-29 GZNMI     dip    6.6    64.600000    hedef      2.97   3.48   0.00      10:00 15dk
2026-04-29 ISDMR kirilim    7.2    45.000000    hedef      2.97   7.29  -0.44      10:15 15dk
2026-04-30 A1YEN kirilim   11.5     3.439346 gun_sonu      1.14   1.17  -1.33      18:00 15dk
2026-04-30 MANAS kirilim   13.3    29.600000     stop     -3.03   1.89  -4.93      10:15 15dk
2026-05-04 ALGYO kirilim   11.2     6.550000    hedef      2.97   6.11  -3.36      10:00 15dk
2026-05-04 DESPC     dip   12.2    40.520000    hedef      2.97   5.73   0.10      10:00 15dk
2026-05-04 VESBE     dip    6.1     7.150000     stop     -3.03   1.12  -3.22      12:30 15dk
2026-05-05 ACSEL kirilim   23.0   133.000000    hedef      2.97   9.70  -0.15      10:00 15dk
2026-05-05 CELHA kirilim    5.3    14.700000    hedef      2.97   7.48  -9.32      10:00 15dk
2026-05-05 HURGZ kirilim    5.5     8.990000    hedef      2.97   5.01  -1.89      10:00 15dk
2026-05-05  KGYO kirilim   16.1    11.900000    hedef      2.97   7.56  -0.17      10:00 15dk
2026-05-05  LINK     dip   18.4     6.270000    hedef      2.97   3.67  -4.15      10:00 15dk
2026-05-05 NTGAZ kirilim   34.3    13.390000    hedef      2.97   3.73  -0.15      10:00 15dk
2026-05-06 IHYAY     dip    9.0     1.830000 gun_sonu      1.61   2.19   0.00      18:00 15dk
2026-05-06 MEGMT kirilim    5.0    85.800000 gun_sonu     -0.73   2.91  -1.63      18:00 15dk
2026-05-06 TATGD kirilim   20.9    19.240000 gun_sonu      2.93   2.96  -4.00      18:00 15dk
2026-05-07 GEDZA kirilim   14.6    34.480000     stop     -3.03   0.75  -5.22      10:15 15dk
2026-05-07 MERKO kirilim   18.5     2.450000    hedef      2.97   4.90  -3.27      10:00 15dk
2026-05-07 PAGYO kirilim    9.0   141.200000    hedef      2.97   3.40  -2.05      11:00 15dk
2026-05-07 RGYAS kirilim    7.3   195.000000     stop     -3.03   0.36  -4.62      10:15 15dk
2026-05-07 SURGY kirilim   15.2    75.200000    hedef      2.97   3.72  -2.93      10:00 15dk
2026-05-08 PAGYO kirilim    6.8   142.700000    hedef      2.97   8.90  -3.99      10:15 15dk
2026-05-11 ANGEN kirilim   32.4    14.130000    hedef      2.97   4.03  -3.75      12:45 15dk
2026-05-11 BIGTK     dip    6.0   215.000000     stop     -3.03   0.47  -3.02      17:45 15dk
2026-05-11 BIZIM kirilim   31.9    35.000000    hedef      2.97   4.86 -12.80      10:00 15dk
2026-05-11 BVSAN kirilim   14.2   157.900000     stop     -3.03   4.81  -7.54      10:15 15dk
2026-05-11 FONET kirilim   10.7     6.000000    hedef      2.97   6.50  -1.00      10:00 15dk
2026-05-11 KRDMB kirilim   15.0    92.500000    hedef      2.97   5.89  -0.11      10:00 15dk
2026-05-11 OZSUB kirilim    7.9    30.200000 gun_sonu     -0.70   1.99  -4.70      18:00 15dk
2026-05-11 TBORG     dip    7.6   151.200000 gun_sonu     -1.88  -0.26  -2.25      18:00 15dk
2026-05-11 ZEDUR kirilim   21.2    11.300000    hedef      2.97   5.75  -3.01      10:00 15dk
2026-05-12 A1YEN kirilim    5.8     3.990000    hedef      2.97   3.76  -3.01      10:00 15dk
2026-05-12 ARASE kirilim   19.4   114.800000    hedef      2.97   4.09  -1.48      12:00 15dk
2026-05-12 BALSU     dip    5.5    15.200000 gun_sonu     -1.88   0.79  -2.30      18:00 15dk
2026-05-12 BIGTK     dip   17.3   228.000000 gun_sonu      2.07   2.11  -2.02      18:00 15dk
2026-05-12 ERBOS kirilim   17.0   217.900000    hedef      2.97   3.72  -2.39      10:15 15dk
2026-05-12  ESEN     dip    8.0     4.170000    hedef      2.97   3.12  -1.68      10:30 15dk
2026-05-12 KORDS kirilim    7.3    73.000000    hedef      2.97   8.22  -1.10      10:00 15dk
2026-05-12 KRVGD kirilim   15.9     3.350000     stop     -3.03   3.28  -4.18      10:15 15dk
2026-05-12 RTALB kirilim    9.0     4.780000     stop     -3.03   1.26 -11.30      10:45 15dk
2026-05-12 TBORG     dip   16.2   141.400000 gun_sonu      0.18   1.63  -0.92      18:00 15dk
2026-05-12 TCKRC kirilim    5.2   118.000000    hedef      2.97   7.20  -2.20      11:00 15dk
2026-05-13 AKENR kirilim    7.0    13.850000    hedef      2.97   6.64  -1.66      10:00 15dk
2026-05-13 ATATP kirilim    8.6   193.700000    hedef      2.97   4.28  -5.83      10:00 15dk
2026-05-13 BAKAB kirilim   13.2    50.500000     stop     -3.03   2.97  -7.13      10:15 15dk
2026-05-13 BIGTK     dip   10.7   238.600000     stop     -3.03   5.41  -4.86      10:15 15dk
2026-05-13 RGYAS kirilim   13.3   173.000000    hedef      2.97  13.47  -1.04      10:00 15dk
2026-05-13 ULUSE kirilim    8.7   266.250000    hedef      2.97   6.20  -2.25      10:00 15dk
2026-05-14 ALCAR     dip   32.9   771.500000 gun_sonu      0.68   1.88  -0.13      18:00 15dk
2026-05-14 BRLSM kirilim   50.5    18.100000    hedef      2.97   6.96   0.00      10:00 15dk
2026-05-14 KRDMB kirilim   11.9    94.500000    hedef      2.97   4.29  -0.79      13:15 15dk
2026-05-15 FORMT     dip    5.1     2.600000 gun_sonu     -1.57   1.15  -2.69      18:00 15dk
2026-05-15 GARFA kirilim    5.3    33.500000    hedef      2.97   7.16   2.27      16:51  1dk
2026-05-18 DUNYH kirilim    5.7   144.200000    hedef      2.97   5.76  -4.09      10:30 15dk
2026-05-18 GARFA kirilim    6.8    35.660000     stop     -3.03   5.16  -6.00      10:19  1dk
2026-05-18 GSDHO kirilim    8.1     6.000000    hedef      2.97   5.17 -10.67      10:00 15dk
2026-05-18 ISSEN kirilim  119.0    10.040000    hedef      2.97   4.78  -0.70      10:00  1dk
2026-05-18 JANTS     dip    6.5    18.980000     stop     -3.03   2.27  -6.22      10:30 15dk
2026-05-20 EKSUN kirilim    9.8     7.400000    hedef      2.97   6.76  -1.35      10:04  1dk
2026-05-20 LKMNH     dip   17.0    15.200000    hedef      2.97   5.20   0.00      10:00  1dk
2026-05-21 BAKAB kirilim    9.4    52.200000     stop     -3.03  -0.10 -13.10      10:15 15dk
2026-05-21 BIGTK     dip   56.0   211.500000    hedef      2.97   9.31  -1.18      13:00 15dk
2026-05-21 DAPGM     dip    6.2     9.770000    hedef      2.97   3.38  -7.78      13:59  1dk
2026-05-21 VERUS kirilim    5.7   571.500000 gun_sonu      0.23   2.71   0.26      18:00 15dk
2026-05-21 VRGYO     dip    5.4     2.210000     stop     -3.03   0.45  -5.88      17:28  1dk
2026-05-22 ALVES     dip    8.0     2.600000    hedef      2.97   6.15  -0.38      10:00  1dk
2026-05-22 GUNDG kirilim    9.2  1100.000000    hedef      2.97   7.73   0.00      10:00  1dk
2026-05-22 ICBCT kirilim   14.2    22.500000    hedef      2.97   3.20  -2.22      10:00 15dk
2026-05-22 KOPOL     dip   44.1     5.030000    hedef      2.97  15.71   1.59      10:00  1dk
2026-05-22 NTHOL     dip    5.6    35.120000    hedef      2.97   7.06   1.03      10:12  1dk
2026-05-22 VERTU     dip    6.6    35.020000    hedef      2.97  14.91   2.80      10:00 15dk
2026-05-22 VERUS kirilim   10.4   573.000000    hedef      2.97   4.71  -0.35      10:00 15dk
2026-05-22 ZRGYO     dip    6.9    16.780000    hedef      2.97   7.57   0.06      10:00 15dk
2026-05-25 CEMTS     dip    6.9    10.350000    hedef      2.97   3.96  -1.45      15:50  1dk
2026-05-25 DURDO kirilim   23.5     5.000000    hedef      2.97   5.40   0.20      10:02  1dk
2026-05-26 ADESE     dip    5.2     1.010000 gun_sonu      2.94   2.97  -1.98      12:39  1dk
2026-05-26 AFYON     dip   13.6    12.690000 gun_sonu      0.05   0.95  -0.16      12:38  1dk
2026-05-26 AKCNS kirilim   40.0   216.800000    hedef      2.97   5.49   0.05      11:30 15dk
2026-05-26 ALCAR     dip   28.0   745.000000 gun_sonu     -2.11   0.00  -2.35      12:30 15dk
2026-05-26 ALVES     dip   12.6     2.670000 gun_sonu     -1.53   0.75  -1.87      12:39  1dk
2026-05-26 AYCES     dip   15.2   523.000000 gun_sonu     -1.28   2.10  -1.72      12:39  1dk
2026-05-26 BALSU     dip   35.4    13.410000 gun_sonu     -0.48   0.37  -1.04      12:30 15dk
2026-05-26 BANVT     dip   14.8   150.000000 gun_sonu     -0.03   1.27   0.00      12:30 15dk
2026-05-26 BARMA kirilim   19.0    60.350000    hedef      2.97   3.56  -2.82      12:15 15dk
2026-05-26 BEGYO     dip    9.2     4.240000 gun_sonu      0.20   0.71  -1.18      12:39  1dk
2026-05-26 BFREN     dip   22.2   138.900000 gun_sonu      0.47   0.94  -1.01      12:39  1dk
2026-05-26 BIENY     dip   30.3    24.260000 gun_sonu      0.79   1.98  -2.31      12:39  1dk
2026-05-26 BIGCH     dip   11.6     6.360000 gun_sonu     -0.19   1.26  -0.94      12:30 15dk
2026-05-26 BIGTK     dip    6.4   222.900000     stop     -3.03   0.00  -3.32      10:30 15dk
2026-05-26 BOBET     dip   19.2    18.730000 gun_sonu     -0.14   0.48  -0.48      12:30 15dk
2026-05-26 BUCIM     dip   26.5     6.100000 gun_sonu     -1.51   0.82  -2.13      12:39  1dk
2026-05-26 CELHA kirilim   17.9    15.900000    hedef      2.97   6.60  -0.82      11:26  1dk
2026-05-26 CEMAS     dip   18.9     4.880000 gun_sonu     -1.47   0.20  -2.87      12:39  1dk
2026-05-26 CMBTN     dip   13.0  1608.000000 gun_sonu     -0.41   0.68  -0.75      12:30 15dk
2026-05-26 CONSE     dip   18.5     2.940000 gun_sonu     -1.39   0.68  -2.38      12:39  1dk
2026-05-26 DAPGM     dip    9.4     9.740000 gun_sonu     -2.50   0.21  -2.87      12:39  1dk
2026-05-26 DENGE     dip   11.4     2.320000 gun_sonu     -0.46   0.43  -1.29      12:30 15dk
2026-05-26 DERHL     dip   13.0    14.410000 gun_sonu      0.73   1.39  -0.49      12:30 15dk
2026-05-26 DNISI     dip   16.7    19.360000 gun_sonu     -0.19   0.31  -1.65      12:30 15dk
2026-05-26 DOFER     dip   26.1    34.640000    hedef      2.97   3.93  -0.98      12:16  1dk
2026-05-26 DURDO kirilim   45.4     5.210000    hedef      2.97   4.22  -1.92      10:25  1dk
2026-05-26 EGEEN     dip   10.7  5702.500000 gun_sonu     -1.22   0.39  -1.45      12:39  1dk
2026-05-26 EKSUN kirilim   36.0     8.060000     stop     -3.03   2.85  -4.84      11:21  1dk
2026-05-26 EMKEL     dip   39.9    22.260000 gun_sonu     -1.83  -0.09  -2.07      12:30 15dk
2026-05-26  ESEN     dip    5.6     3.880000    hedef      2.97   4.12  -1.03      10:52  1dk
2026-05-26 EYGYO     dip    7.6     2.610000    hedef      2.97   4.60  -1.15      12:30 15dk
2026-05-26 FORMT     dip   16.0     2.220000 gun_sonu      1.32   2.70  -0.90      12:30 15dk
2026-05-26 GENTS     dip    9.9     7.330000 gun_sonu     -0.72   0.14  -2.32      12:39  1dk
2026-05-26 GLCVY     dip    8.3    59.300000 gun_sonu     -1.30  -0.08  -1.85      12:39  1dk
2026-05-26 GZNMI     dip   53.0    68.200000     stop     -3.03   2.79  -4.69      10:19  1dk
2026-05-26 HATEK     dip   12.2    16.330000 gun_sonu     -0.46   1.22  -0.43      12:30 15dk
2026-05-26 HATSN kirilim   69.3    53.800000    hedef      2.97   7.90  -1.39      10:02  1dk
2026-05-26 IHLAS     dip    6.0     1.549208 gun_sonu     -0.03   1.48  -0.49      12:30 15dk
2026-05-26 IHLGM     dip    7.9     2.030000 gun_sonu     -1.02   0.49  -1.48      12:30 15dk
2026-05-26 IHYAY     dip   16.7     1.720000 gun_sonu     -0.61   1.74  -1.16      12:30 15dk
2026-05-26 IMASM     dip   13.0     3.340000 gun_sonu     -0.63   0.30  -1.20      12:38  1dk
2026-05-26 JANTS     dip    8.0    17.530000 gun_sonu     -1.06   0.80  -1.03      12:30 15dk
2026-05-26 KLGYO     dip   20.3     4.850000 gun_sonu     -0.45   0.62  -0.82      12:39  1dk
2026-05-26 KLRHO     dip   24.5    98.000000     stop     -3.03   0.41  -9.85      10:15  1dk
2026-05-26 KOTON     dip    7.4    14.830000 gun_sonu      0.37   0.40  -1.08      12:30 15dk
2026-05-26 KRDMB kirilim   13.5   100.000000    hedef      2.97   7.80  -0.10      10:42  1dk
2026-05-26 KRGYO     dip   24.1     2.720000 gun_sonu     -0.03   1.10  -1.10      12:30 15dk
2026-05-26 KZBGY     dip   22.2     3.150000    hedef      2.97   3.81  -0.95      10:15 15dk
2026-05-26  LINK     dip   74.0     7.170000    hedef      2.97   7.95  -3.21      11:12  1dk
2026-05-26 LRSHO     dip   19.2     3.530000 gun_sonu      0.25   0.28  -1.13      12:39  1dk
2026-05-26 MARMR     dip   15.2     2.650000 gun_sonu     -1.92   0.38  -2.26      12:30 15dk
2026-05-26 MNDRS     dip   18.9    11.500000 gun_sonu     -0.38   0.35  -0.70      12:38  1dk
2026-05-26 MNDTR     dip   21.0     5.780000 gun_sonu     -0.21   1.04  -0.69      12:38  1dk
2026-05-26 MOBTL kirilim   49.0    15.120000    hedef      2.97   3.04  -0.46      10:25  1dk
2026-05-26 NATEN     dip    7.8     6.890000    hedef      2.97   6.53  -0.87      10:48  1dk
2026-05-26 NTHOL     dip   30.5    37.600000 gun_sonu     -0.14   0.21  -0.80      12:38  1dk
2026-05-26 NUHCM     dip    8.1   223.100000 gun_sonu      0.82   0.85  -0.85      12:38  1dk
2026-05-26 OSMEN     dip   11.6     7.480000 gun_sonu      0.50   1.20  -0.40      12:30 15dk
2026-05-26 OSTIM     dip   17.0     1.977776 gun_sonu      1.09   1.12  -0.75      12:30 15dk
2026-05-26  OTTO     dip   29.2   233.500000 gun_sonu     -1.53   0.34  -2.01      12:39  1dk
2026-05-26 PAPIL     dip   14.0    15.300000 gun_sonu     -0.10   1.11  -0.33      12:39  1dk
2026-05-26 PKENT     dip   50.8   152.100000 gun_sonu     -0.82   0.59  -1.78      12:30 15dk
2026-05-26 POLTK     dip   30.1  5107.500000 gun_sonu     -0.87   0.29  -1.32      12:30 15dk
2026-05-26 PRKME     dip    8.9    17.510000 gun_sonu     -0.60   1.60  -0.57      12:30 15dk
2026-05-26 QUAGR     dip   47.9     3.920000     stop     -3.03  -0.26  -4.85      10:18  1dk
2026-05-26 RAYSG     dip    9.9   185.300000 gun_sonu      1.05   1.35  -0.49      12:30 15dk
2026-05-26 SMRVA     dip   19.0    16.440000 gun_sonu     -0.88   0.49  -2.25      12:39  1dk
2026-05-26 SNGYO     dip    9.4     3.590000 gun_sonu     -0.03   0.84  -1.67      12:38  1dk
2026-05-26 SUNTK     dip   28.3    32.280000    hedef      2.97   8.43  -0.62      11:30 15dk
2026-05-26 SUWEN     dip   26.3     7.580000 gun_sonu      0.76   1.98   0.13      12:38  1dk
2026-05-26 TARKM kirilim   37.2   545.000000    hedef      2.97   6.42  -2.84      10:34  1dk
2026-05-26 TBORG     dip    8.6   138.100000 gun_sonu     -1.26  -0.14  -3.69      12:38  1dk
2026-05-26 TDGYO     dip    9.4    14.280000    hedef      2.97   4.97  -3.29      12:29  1dk
2026-05-26 TKNSA     dip    8.8    20.660000 gun_sonu     -0.13   0.58  -0.77      12:30 15dk
2026-05-26  TMSN     dip   16.1    98.800000 gun_sonu     -0.08   0.66  -0.66      12:39  1dk
2026-05-26 TSGYO     dip    8.1     6.440000 gun_sonu     -0.50   0.78  -1.40      12:35  1dk
2026-05-26 TTRAK     dip   11.1   451.500000 gun_sonu     -0.53   0.55  -0.94      12:38  1dk
2026-05-26 TUCLK     dip   71.2     4.480000 gun_sonu     -1.15   2.46  -1.34      12:38  1dk
2026-05-26 TUKAS     dip   10.9     2.440000 gun_sonu     -1.26   0.41  -1.23      12:39  1dk
2026-05-26 TUREX     dip   11.4     8.310000 gun_sonu     -0.39   0.48  -1.32      12:30 15dk
2026-05-26  UNLU     dip   10.0    13.150000 gun_sonu      0.12   1.37  -0.23      12:30 15dk
2026-05-26  USAK     dip    6.2     1.590000 gun_sonu     -0.03   0.63  -1.89      12:38  1dk
2026-05-26 VESBE     dip    8.0     6.760000 gun_sonu      0.11   1.04  -0.44      12:30 15dk
2026-05-26 VKING     dip   15.4    25.860000 gun_sonu     -0.65   0.93  -0.77      12:35  1dk
2026-05-26 VRGYO     dip    8.0     2.180000 gun_sonu      0.88   1.38  -0.92      12:39  1dk
2026-05-26 VSNMD     dip   94.6    83.000000     stop     -3.03   0.72  -3.49      10:15 15dk
2026-05-26 YESIL     dip   38.1     1.510000    hedef      2.97   9.27   0.00      10:00  1dk
2026-05-26 ZRGYO     dip   59.0    17.470000     stop     -3.03   0.00  -6.18      11:15 15dk
2026-06-02 DERHL     dip    8.1    15.420000    hedef      2.97   3.76  -9.99      10:00 15dk
2026-06-02 KRVGD kirilim    5.4     3.400000    hedef      2.97   5.00  -4.12      12:45 15dk
2026-06-03 CGCAM kirilim    6.6    46.420000    hedef      2.97   6.16  -6.38      10:00 15dk
2026-06-03 KARTN kirilim    7.7   130.300000    hedef      2.97   4.91  -1.77      10:00 15dk
2026-06-04 TUREX     dip    5.1     9.200000    hedef      2.97   7.61  -7.17      10:30 15dk
2026-06-05 CMBTN     dip   19.5  1595.000000 gun_sonu      0.03   2.63  -0.38      18:00 15dk
2026-06-05 EMKEL     dip    9.8    25.960000     stop     -3.03   0.23 -12.56      10:15 15dk
2026-06-05 KRTEK     dip    6.5    24.820000 gun_sonu     -0.60   0.56  -0.81      18:08  1dk
2026-06-08 AKFYE kirilim   20.5    26.000000    hedef      2.97   6.46   0.00      10:00 15dk
2026-06-08 DERHL     dip    7.5    14.200000     stop     -3.03   0.28  -3.80      11:00 15dk
2026-06-08 POLTK     dip    9.1  5270.000000     stop     -3.03   0.05  -5.50      10:15 15dk
2026-06-08 SEKUR kirilim   14.9     8.060000    hedef      2.97   9.93  -3.10      11:00 15dk
2026-06-09 DIRIT     dip    9.2    22.920000    hedef      2.97  17.10   0.35      12:55  1dk
2026-06-09 IHLAS     dip    9.1     1.460000     stop     -3.03   0.68  -8.22      10:15 15dk
2026-06-09 SEKUR kirilim    8.8     8.960000    hedef      2.97   4.91  -4.69      10:00 15dk
2026-06-10  AYEN kirilim   17.7    38.920000    hedef      2.97   8.32  -2.57      10:00 15dk
2026-06-10 DIRIT     dip    6.5    22.340000     stop     -3.03   2.95  -4.57      13:55  1dk
2026-06-11 BARMA kirilim    8.9    67.150000 gun_sonu      1.53   2.31  -0.82      18:00 15dk
2026-06-11 KZBGY     dip    7.3     3.220000     stop     -3.03   0.00  -6.21      10:15 15dk
2026-06-11 TRILC     dip   18.2     1.350000 gun_sonu     -0.03   0.00  -2.22      18:09  1dk
2026-06-15 MTRKS kirilim    6.0    30.740000     stop     -3.03  -5.92 -10.34      13:46  1dk
2026-06-15 VBTYZ kirilim    9.4    34.940000     stop     -3.03  -3.38  -9.62      15:15  1dk
2026-06-15 VERUS kirilim    7.3   622.000000    hedef      2.97   9.24   0.40      10:00 15dk
2026-06-16 DGGYO kirilim    7.3    34.540000    hedef      2.97   9.84  -3.88      10:13  1dk
2026-06-16 EUKYO kirilim    8.4     9.800000    hedef      2.97   8.27   0.00      10:00  1dk
2026-06-18 BANVT     dip   11.1   162.800000     stop     -3.03   8.60  -4.79      10:15  1dk
2026-06-18 IHLAS     dip    6.4     1.220000    hedef      2.97   3.28  -1.64      13:05  1dk
2026-06-18 YAYLA     dip   11.9    25.640000    hedef      2.97   6.63   0.00      10:00 15dk
2026-06-19 BIGCH     dip 1576.1     6.790000    hedef      2.97  13.40   0.15      10:00  1dk
2026-06-22 BORLS     dip    9.8     6.650000    hedef      2.97   6.62   0.00      10:00  1dk
2026-06-22 ENSRI     dip   17.7     6.800000    hedef      2.97   7.50   0.00      10:00  1dk
2026-06-22 IHLAS     dip    6.0     1.230000    hedef      2.97   7.32  -0.81      10:00  1dk
2026-06-23 IHLAS     dip    9.2     1.370000    hedef      2.97   5.84  -6.57      10:00  1dk
2026-06-23 IHLGM     dip   12.1     2.070000    hedef      2.97   5.80  -5.80      10:00  1dk
2026-06-23 IHYAY     dip    6.8     1.860000    hedef      2.97   4.84  -8.60      10:00  1dk
2026-06-24 BORLS     dip    5.9     7.800000    hedef      2.97   9.74  -6.41      10:14  1dk
2026-06-24 POLTK     dip   15.7  5097.500000 gun_sonu     -1.85   0.00  -2.31      18:08  1dk
2026-06-26 ATSYH kirilim    5.4   108.000000    hedef      2.97   5.19   2.78      12:55  1dk
2026-06-29 BMSCH     dip   86.2    14.980000 gun_sonu     -1.90   2.14  -2.00      18:09  1dk
2026-06-29 FORMT     dip    5.3     2.240000 gun_sonu     -0.93   1.34  -1.34      18:08  1dk
2026-06-29 ISGYO kirilim    8.1    27.400000     stop     -3.03   2.41 -10.15      10:21  1dk
2026-06-29 KOCMT kirilim    6.8     3.320000 gun_sonu      0.87   2.41  -1.20      18:09  1dk
2026-06-29 KUTPO     dip    5.5    87.500000 gun_sonu     -0.38   1.66  -2.91      18:08  1dk
2026-06-29 VESBE     dip   48.8     6.990000    hedef      2.97   5.87  -0.14      10:00  1dk
2026-06-29 VSNMD     dip    5.5   101.800000    hedef      2.97   7.17  -0.79      10:48  1dk
2026-06-30 FORMT     dip   12.1     2.190000 gun_sonu     -0.03   0.46  -0.91      18:08  1dk
2026-06-30 KOCMT kirilim    7.5     3.440000    hedef      2.97   6.98   0.00      10:00  1dk
2026-06-30 KRONT kirilim   18.9    24.000000    hedef      2.97   5.33  -3.08      16:21  1dk
2026-06-30 PKENT     dip    5.6   146.300000 gun_sonu     -0.24   1.78  -0.55      18:08  1dk
2026-06-30 VESBE     dip   15.4     7.690000     stop     -3.03   0.78 -13.39      10:15  1dk
2026-07-01 AKCNS kirilim   12.1   231.000000     stop     -3.03  -0.13  -4.72      10:23  1dk
2026-07-01 AKSUE kirilim    8.3    39.100000    hedef      2.97   9.82  -0.36      10:31  1dk
2026-07-01 AKYHO     dip    5.9     2.460000 gun_sonu      0.37   1.63  -0.81      18:05  1dk
2026-07-01 ALCAR     dip    6.6   774.000000    hedef      2.97   5.56  -2.39      10:24  1dk
2026-07-01 BIGTK     dip    8.8   274.500000    hedef      2.97   7.29  -3.46      10:40  1dk
2026-07-02 KRTEK     dip   13.1    23.440000 gun_sonu     -2.08   0.00  -2.39      18:08  1dk
2026-07-03 AKYHO     dip    9.4     2.630000     stop     -3.03   0.38  -3.42      10:17  1dk
2026-07-03  ERCB     dip   17.4    51.950000     stop     -3.03   1.83  -4.52      11:07  1dk
2026-07-06 BLUME     dip    5.4    38.200000    hedef      2.97   4.61  -3.14      10:07  1dk
2026-07-06 EMKEL     dip    6.6    19.860000    hedef      2.97   6.75  -3.63      10:02  1dk
2026-07-06 JANTS     dip   79.5    17.780000     stop     -3.03   1.01  -7.14      10:15  1dk
2026-07-06 MERKO     dip    5.6     1.730000    hedef      2.97   5.78  -3.47      10:00  1dk
2026-07-06 OZYSR kirilim    5.0    13.200000    hedef      2.97   6.06  -1.52      11:36  1dk
2026-07-06 SUNTK     dip   10.9    29.700000     stop     -3.03  -0.13  -6.87      10:33  1dk
2026-07-06 TKNSA     dip   15.0    19.460000 gun_sonu     -0.29   1.75  -0.36      18:09  1dk
2026-07-07 DSTKF kirilim    9.8  3577.500000    hedef      2.97   9.85  -1.68      16:01  1dk
2026-07-08  TERA     dip   44.0   138.000000    hedef      2.97  15.00   0.36      10:00  1dk
2026-07-09 ASUZU     dip    9.2    53.900000 gun_sonu     -1.05   1.11  -1.95      18:09  1dk
2026-07-09 EYGYO     dip    5.3     2.380000 gun_sonu     -0.45   1.26  -1.26      18:08  1dk
2026-07-09 JANTS     dip   18.8    18.000000    hedef      2.97   6.39  -8.33      10:02  1dk

-> yil_2026_ozet.csv | yil_2026_dipkir.csv
