Double-check: 671 islem...
  ... 50/671
  ... 100/671
  ... 150/671
  ... 200/671
  ... 250/671
  ... 300/671
  ... 350/671
  ... 400/671
  ... 450/671
  ... 500/671
  ... 550/671
  ... 600/671
  ... 650/671
================================================================================
2026 DOUBLE-CHECK | yil_2026_dipkir.csv
================================================================================
PASS: 671/671 | FAIL: 0 | NO_DATA: 0

Compound (100k baslangic):
  Rapor CSV:                423,749 TL (+323.75%)
  Rapor yeniden:            423,749 TL (+323.75%)
  Simule yeniden:           423,749 TL (+323.75%)
  Max 1 islem/gun:          407,576 TL (+307.58%)
  Max 3 islem/gun:          397,215 TL (+297.22%)
  Max 5 islem/gun:          417,376 TL (+317.38%)

-> yil_2026_double_check.csv
